
Shri@Shruti-PC MINGW64 ~/Desktop/git
$ git --version
git version 2.36.1.windows.1

Shri@Shruti-PC MINGW64 ~/Desktop/git
$ git status
fatal: not a git repository (or any of the parent directories): .git

Shri@Shruti-PC MINGW64 ~/Desktop/git
$ git init
Initialized empty Git repository in C:/Users/Shri/Desktop/git/.git/

Shri@Shruti-PC MINGW64 ~/Desktop/git (master)
$ git status
On branch master

No commits yet

Untracked files:
  (use "git add <file>..." to include in what will be committed)
        utility.txt
        v1.txt

nothing added to commit but untracked files present (use "git add" to track)

Shri@Shruti-PC MINGW64 ~/Desktop/git (master)
$ git add .

Shri@Shruti-PC MINGW64 ~/Desktop/git (master)
$ git status
On branch master

No commits yet

Changes to be committed:
  (use "git rm --cached <file>..." to unstage)
        new file:   utility.txt
        new file:   v1.txt


Shri@Shruti-PC MINGW64 ~/Desktop/git (master)
$ git commit -m "Version1"
Author identity unknown

*** Please tell me who you are.

Run

  git config --global user.email "you@example.com"
  git config --global user.name "Your Name"

to set your account's default identity.
Omit --global to set the identity only in this repository.

fatal: unable to auto-detect email address (got 'Shri@Shruti-PC.(none)')

Shri@Shruti-PC MINGW64 ~/Desktop/git (master)
$ git log
fatal: your current branch 'master' does not have any commits yet

Shri@Shruti-PC MINGW64 ~/Desktop/git (master)
$ git config --global user.email "shrutidayama111@gmail.com"

Shri@Shruti-PC MINGW64 ~/Desktop/git (master)
$ git config --global user.name "shruti"

Shri@Shruti-PC MINGW64 ~/Desktop/git (master)
$ git commit -m "Version1"
[master (root-commit) 02fd551] Version1
 2 files changed, 2 insertions(+)
 create mode 100644 utility.txt
 create mode 100644 v1.txt

Shri@Shruti-PC MINGW64 ~/Desktop/git (master)
$ git log
commit 02fd5512ad6fba5838174f9b95023aae59dafdf5 (HEAD -> master)
Author: shruti <shrutidayama111@gmail.com>
Date:   Sat May 14 23:48:39 2022 +0530

    Version1

Shri@Shruti-PC MINGW64 ~/Desktop/git (master)
$ git config --global user.name "shruti"

Shri@Shruti-PC MINGW64 ~/Desktop/git (master)
$ git config --global user.email "shrutidayama111@gmail.com"

Shri@Shruti-PC MINGW64 ~/Desktop/git (master)
$ ^C

Shri@Shruti-PC MINGW64 ~/Desktop/git (master)
$ git config user.name
shruti

Shri@Shruti-PC MINGW64 ~/Desktop/git (master)
$ ^C

Shri@Shruti-PC MINGW64 ~/Desktop/git (master)
$ git status
On branch master
Untracked files:
  (use "git add <file>..." to include in what will be committed)
        complete commands we entered in bash.txt

nothing added to commit but untracked files present (use "git add" to track)

Shri@Shruti-PC MINGW64 ~/Desktop/git (master)
$ git add .

Shri@Shruti-PC MINGW64 ~/Desktop/git (master)
$ git status
On branch master
Changes to be committed:
  (use "git restore --staged <file>..." to unstage)
        new file:   complete commands we entered in bash.txt


Shri@Shruti-PC MINGW64 ~/Desktop/git (master)
$ git remove add origin git@github.com:Shruti9756/git-tutorial.git
git: 'remove' is not a git command. See 'git --help'.

The most similar command is
        remote

Shri@Shruti-PC MINGW64 ~/Desktop/git (master)
$ git remote add origin git@github.com:Shruti9756/git-tutorial.git

Shri@Shruti-PC MINGW64 ~/Desktop/git (master)
$ git push -u origin main
error: src refspec main does not match any
error: failed to push some refs to 'github.com:Shruti9756/git-tutorial.git'

Shri@Shruti-PC MINGW64 ~/Desktop/git (master)
$ git config user.email
shrutidayama111@gmail.com

Shri@Shruti-PC MINGW64 ~/Desktop/git (master)
$ ssh-keygen -t ed25519-sk -C "shrutidayama111@gmail.com"
Generating public/private ed25519-sk key pair.
You may need to touch your authenticator to authorize key generation.
Key enrollment failed: device not found

Shri@Shruti-PC MINGW64 ~/Desktop/git (master)
$ ssh-keygen -t rsa -b 4096 -C "shrutidayama111@gmail.com"
Generating public/private rsa key pair.
Enter file in which to save the key (/c/Users/Shri/.ssh/id_rsa):
Created directory '/c/Users/Shri/.ssh'.
Enter passphrase (empty for no passphrase):
Enter same passphrase again:
Your identification has been saved in /c/Users/Shri/.ssh/id_rsa
Your public key has been saved in /c/Users/Shri/.ssh/id_rsa.pub
The key fingerprint is:
SHA256:EOSYhGIkx+jlvb+7L2phySnHoBzgUsrwH0iHpU1uXAs shrutidayama111@gmail.com
The key's randomart image is:
+---[RSA 4096]----+
|o+.+E.+          |
|*o*O.* o         |
|B*+oO +          |
|o=o+.. .         |
|o o.+.+ S        |
| o ..X           |
|    + o          |
|     . o         |
|    ...+*.       |
+----[SHA256]-----+

Shri@Shruti-PC MINGW64 ~/Desktop/git (master)
$ eval $(ssh-agent -s)
Agent pid 1208

Shri@Shruti-PC MINGW64 ~/Desktop/git (master)
$ ssh-add ~/.sssh/id_rsa
/c/Users/Shri/.sssh/id_rsa: No such file or directory

Shri@Shruti-PC MINGW64 ~/Desktop/git (master)
$ ssh-add ~/.ssh/id_rsa
Identity added: /c/Users/Shri/.ssh/id_rsa (shrutidayama111@gmail.com)

Shri@Shruti-PC MINGW64 ~/Desktop/git (master)
$ clip < ~/.ssh/id_rsa.pub

Shri@Shruti-PC MINGW64 ~/Desktop/git (master)
$ clip < ~/.ssh/id_rsa.pub

Shri@Shruti-PC MINGW64 ~/Desktop/git (master)
$ git push -u origin master
The authenticity of host 'github.com (13.234.210.38)' can't be established.
ED25519 key fingerprint is SHA256:+DiY3wvvV6TuJJhbpZisF/zLDA0zPMSvHdkr4UvCOqU.
This key is not known by any other names
Are you sure you want to continue connecting (yes/no/[fingerprint])? yes
Warning: Permanently added 'github.com' (ED25519) to the list of known hosts.
Enumerating objects: 4, done.
Counting objects: 100% (4/4), done.
Delta compression using up to 4 threads
Compressing objects: 100% (2/2), done.
Writing objects: 100% (4/4), 295 bytes | 73.00 KiB/s, done.
Total 4 (delta 0), reused 0 (delta 0), pack-reused 0
To github.com:Shruti9756/git-tutorial.git
 * [new branch]      master -> master
branch 'master' set up to track 'origin/master'.

Shri@Shruti-PC MINGW64 ~/Desktop/git (master)
$ ^C

Shri@Shruti-PC MINGW64 ~/Desktop/git (master)
$ git status
On branch master
Your branch is up to date with 'origin/master'.

Changes to be committed:
  (use "git restore --staged <file>..." to unstage)
        new file:   complete commands we entered in bash.txt

Changes not staged for commit:
  (use "git add <file>..." to update what will be committed)
  (use "git restore <file>..." to discard changes in working directory)
        modified:   complete commands we entered in bash.txt


Shri@Shruti-PC MINGW64 ~/Desktop/git (master)
$ git add .

Shri@Shruti-PC MINGW64 ~/Desktop/git (master)
$ git commit -m "changed complete commands we entered in bash.txt"
[master b0ad3cc] changed complete commands we entered in bash.txt
 1 file changed, 202 insertions(+)
 create mode 100644 complete commands we entered in bash.txt

Shri@Shruti-PC MINGW64 ~/Desktop/git (master)
$ git push -u origin master
Enumerating objects: 4, done.
Counting objects: 100% (4/4), done.
Delta compression using up to 4 threads
Compressing objects: 100% (3/3), done.
Writing objects: 100% (3/3), 2.17 KiB | 555.00 KiB/s, done.
Total 3 (delta 0), reused 0 (delta 0), pack-reused 0
To github.com:Shruti9756/git-tutorial.git
   02fd551..b0ad3cc  master -> master
branch 'master' set up to track 'origin/master'.

Shri@Shruti-PC MINGW64 ~/Desktop/git (master)
$ git log
commit b0ad3cc777063504104c733015979494626a99e4 (HEAD -> master, origin/master)
Author: shruti <shrutidayama111@gmail.com>
Date:   Sun May 15 00:33:13 2022 +0530

    changed complete commands we entered in bash.txt

commit 02fd5512ad6fba5838174f9b95023aae59dafdf5
Author: shruti <shrutidayama111@gmail.com>
Date:   Sat May 14 23:48:39 2022 +0530

    Version1

Shri@Shruti-PC MINGW64 ~/Desktop/git (master)
$ git pull origin master
remote: Enumerating objects: 5, done.
remote: Counting objects: 100% (5/5), done.
remote: Compressing objects: 100% (2/2), done.
remote: Total 3 (delta 1), reused 0 (delta 0), pack-reused 0
Unpacking objects: 100% (3/3), 656 bytes | 3.00 KiB/s, done.
From github.com:Shruti9756/git-tutorial
 * branch            master     -> FETCH_HEAD
   b0ad3cc..01a7db2  master     -> origin/master
Updating b0ad3cc..01a7db2
Fast-forward
 v1.txt | 2 +-
 1 file changed, 1 insertion(+), 1 deletion(-)

Shri@Shruti-PC MINGW64 ~/Desktop/git (master)
$ git log
commit 01a7db2c0968b35a40c4a62f60479714549b7e8b (HEAD -> master, origin/master)
Author: Shruti9756 <103516233+Shruti9756@users.noreply.github.com>
Date:   Sun May 15 00:36:35 2022 +0530

    Update v1.txt

commit b0ad3cc777063504104c733015979494626a99e4
Author: shruti <shrutidayama111@gmail.com>
Date:   Sun May 15 00:33:13 2022 +0530

    changed complete commands we entered in bash.txt

commit 02fd5512ad6fba5838174f9b95023aae59dafdf5
Author: shruti <shrutidayama111@gmail.com>
Date:   Sat May 14 23:48:39 2022 +0530

    Version1

Shri@Shruti-PC MINGW64 ~/Desktop/git (master)
$ git status
On branch master
Your branch is up to date with 'origin/master'.

nothing to commit, working tree clean

Shri@Shruti-PC MINGW64 ~/Desktop/git (master)
$
